DEMO_LINE 0 intro
DEMO_LINE 10999 landing-figures
DEMO_LINE 22998 hub
DEMO_LINE 33999 station-open
DEMO_LINE 43002 station-begin
DEMO_LINE 50002 station-grasp
DEMO_LINE 54618 station-place
DEMO_LINE 72418 station-score
DEMO_LINE 84463 sign SIGNING
DEMO_LINE 91702 confirmed
DEMO_LINE 100703 explorer-tx
DEMO_LINE 113705 explorer-transfer
DEMO_LINE 125706 explorer-address
DEMO_LINE 138707 explorer-contract
DEMO_LINE 149707 leaderboard
DEMO_LINE 159708 task-page
DEMO_LINE 169710 run-verify
DEMO_LINE 179711 foundry
DEMO_LINE 191712 licence-sign
DEMO_LINE 195713 licence-paid
DEMO_LINE 204713 licence-explorer
DEMO_LINE 217715 outro